Assuming unrestricted shared filesystem usage.
None
host: l24-0691
Building DAG of jobs...
Using shell: /usr/bin/bash
Provided cores: 16
Rules claiming more threads will be scaled down.
Job stats:
job               count
--------------  -------
all                   1
combine               1
figures               1
run_grid_point       40
total                43

Select jobs to execute...
Execute 16 jobs...
[Wed Aug 26 00:20:22 2026]
localrule run_grid_point:
    output: results/pitman_closeness/raw/pc_6.rds
    log: logs/pitman_closeness/run_pitman_6.log
    jobid: 8
    reason: Params have changed since last execution: Union of exclusive params before and now across all output: before: '--n_k=20 --k_min=-0.5 --k_max=0.5 --S=1000 --n=4000 --dep=markov --phi=0.95 --alpha=0.4 --dep_model=log --sigma=1.0 --p_thresh=0.95 --threshold=empirical --n_grid=50 --min_grid_pts=100 --wip=FALSE --t1="Weighted GPD" --t2="Conventional" --seed=111' now: '--n_k=50 --k_min=-0.5 --k_max=0.5 --S=5000 --n=4000 --dep=markov --phi=0.95 --alpha=0.35 --dep_model=log --sigma=1.0 --p_thresh=0.95 --threshold=empirical --n_grid=50 --min_grid_pts=100 --wip=FALSE --t1="Weighted GPD" --t2="Conventional" --seed=111222' 
    wildcards: index=6
    resources: tmpdir=/tmp

[Wed Aug 26 00:20:22 2026]
localrule run_grid_point:
    output: results/pitman_closeness/raw/pc_21.rds
    log: logs/pitman_closeness/run_pitman_21.log
    jobid: 23
    reason: Missing output files: results/pitman_closeness/raw/pc_21.rds
    wildcards: index=21
    resources: tmpdir=/tmp

[Wed Aug 26 00:20:22 2026]
localrule run_grid_point:
    output: results/pitman_closeness/raw/pc_35.rds
    log: logs/pitman_closeness/run_pitman_35.log
    jobid: 37
    reason: Missing output files: results/pitman_closeness/raw/pc_35.rds
    wildcards: index=35
    resources: tmpdir=/tmp

[Wed Aug 26 00:20:22 2026]
localrule run_grid_point:
    output: results/pitman_closeness/raw/pc_50.rds
    log: logs/pitman_closeness/run_pitman_50.log
    jobid: 52
    reason: Missing output files: results/pitman_closeness/raw/pc_50.rds
    wildcards: index=50
    resources: tmpdir=/tmp

[Wed Aug 26 00:20:22 2026]
localrule run_grid_point:
    output: results/pitman_closeness/raw/pc_1.rds
    log: logs/pitman_closeness/run_pitman_1.log
    jobid: 3
    reason: Params have changed since last execution: Union of exclusive params before and now across all output: before: '--n_k=20 --k_min=-0.5 --k_max=0.5 --S=1000 --n=4000 --dep=markov --phi=0.95 --alpha=0.4 --dep_model=log --sigma=1.0 --p_thresh=0.95 --threshold=empirical --n_grid=50 --min_grid_pts=100 --wip=FALSE --t1="Weighted GPD" --t2="Conventional" --seed=111' now: '--n_k=50 --k_min=-0.5 --k_max=0.5 --S=5000 --n=4000 --dep=markov --phi=0.95 --alpha=0.35 --dep_model=log --sigma=1.0 --p_thresh=0.95 --threshold=empirical --n_grid=50 --min_grid_pts=100 --wip=FALSE --t1="Weighted GPD" --t2="Conventional" --seed=111222' 
    wildcards: index=1
    resources: tmpdir=/tmp

[Wed Aug 26 00:20:22 2026]
localrule run_grid_point:
    output: results/pitman_closeness/raw/pc_5.rds
    log: logs/pitman_closeness/run_pitman_5.log
    jobid: 7
    reason: Params have changed since last execution: Union of exclusive params before and now across all output: before: '--n_k=20 --k_min=-0.5 --k_max=0.5 --S=1000 --n=4000 --dep=markov --phi=0.95 --alpha=0.4 --dep_model=log --sigma=1.0 --p_thresh=0.95 --threshold=empirical --n_grid=50 --min_grid_pts=100 --wip=FALSE --t1="Weighted GPD" --t2="Conventional" --seed=111' now: '--n_k=50 --k_min=-0.5 --k_max=0.5 --S=5000 --n=4000 --dep=markov --phi=0.95 --alpha=0.35 --dep_model=log --sigma=1.0 --p_thresh=0.95 --threshold=empirical --n_grid=50 --min_grid_pts=100 --wip=FALSE --t1="Weighted GPD" --t2="Conventional" --seed=111222' 
    wildcards: index=5
    resources: tmpdir=/tmp

[Wed Aug 26 00:20:22 2026]
localrule run_grid_point:
    output: results/pitman_closeness/raw/pc_31.rds
    log: logs/pitman_closeness/run_pitman_31.log
    jobid: 33
    reason: Missing output files: results/pitman_closeness/raw/pc_31.rds
    wildcards: index=31
    resources: tmpdir=/tmp

[Wed Aug 26 00:20:22 2026]
localrule run_grid_point:
    output: results/pitman_closeness/raw/pc_46.rds
    log: logs/pitman_closeness/run_pitman_46.log
    jobid: 48
    reason: Missing output files: results/pitman_closeness/raw/pc_46.rds
    wildcards: index=46
    resources: tmpdir=/tmp

[Wed Aug 26 00:20:22 2026]
localrule run_grid_point:
    output: results/pitman_closeness/raw/pc_34.rds
    log: logs/pitman_closeness/run_pitman_34.log
    jobid: 36
    reason: Missing output files: results/pitman_closeness/raw/pc_34.rds
    wildcards: index=34
    resources: tmpdir=/tmp

[Wed Aug 26 00:20:22 2026]
localrule run_grid_point:
    output: results/pitman_closeness/raw/pc_49.rds
    log: logs/pitman_closeness/run_pitman_49.log
    jobid: 51
    reason: Missing output files: results/pitman_closeness/raw/pc_49.rds
    wildcards: index=49
    resources: tmpdir=/tmp

[Wed Aug 26 00:20:22 2026]
localrule run_grid_point:
    output: results/pitman_closeness/raw/pc_4.rds
    log: logs/pitman_closeness/run_pitman_4.log
    jobid: 6
    reason: Params have changed since last execution: Union of exclusive params before and now across all output: before: '--n_k=20 --k_min=-0.5 --k_max=0.5 --S=1000 --n=4000 --dep=markov --phi=0.95 --alpha=0.4 --dep_model=log --sigma=1.0 --p_thresh=0.95 --threshold=empirical --n_grid=50 --min_grid_pts=100 --wip=FALSE --t1="Weighted GPD" --t2="Conventional" --seed=111' now: '--n_k=50 --k_min=-0.5 --k_max=0.5 --S=5000 --n=4000 --dep=markov --phi=0.95 --alpha=0.35 --dep_model=log --sigma=1.0 --p_thresh=0.95 --threshold=empirical --n_grid=50 --min_grid_pts=100 --wip=FALSE --t1="Weighted GPD" --t2="Conventional" --seed=111222' 
    wildcards: index=4
    resources: tmpdir=/tmp

[Wed Aug 26 00:20:22 2026]
localrule run_grid_point:
    output: results/pitman_closeness/raw/pc_33.rds
    log: logs/pitman_closeness/run_pitman_33.log
    jobid: 35
    reason: Missing output files: results/pitman_closeness/raw/pc_33.rds
    wildcards: index=33
    resources: tmpdir=/tmp

[Wed Aug 26 00:20:22 2026]
localrule run_grid_point:
    output: results/pitman_closeness/raw/pc_37.rds
    log: logs/pitman_closeness/run_pitman_37.log
    jobid: 39
    reason: Missing output files: results/pitman_closeness/raw/pc_37.rds
    wildcards: index=37
    resources: tmpdir=/tmp

[Wed Aug 26 00:20:22 2026]
localrule run_grid_point:
    output: results/pitman_closeness/raw/pc_48.rds
    log: logs/pitman_closeness/run_pitman_48.log
    jobid: 50
    reason: Missing output files: results/pitman_closeness/raw/pc_48.rds
    wildcards: index=48
    resources: tmpdir=/tmp

[Wed Aug 26 00:20:22 2026]
localrule run_grid_point:
    output: results/pitman_closeness/raw/pc_3.rds
    log: logs/pitman_closeness/run_pitman_3.log
    jobid: 5
    reason: Params have changed since last execution: Union of exclusive params before and now across all output: before: '--n_k=20 --k_min=-0.5 --k_max=0.5 --S=1000 --n=4000 --dep=markov --phi=0.95 --alpha=0.4 --dep_model=log --sigma=1.0 --p_thresh=0.95 --threshold=empirical --n_grid=50 --min_grid_pts=100 --wip=FALSE --t1="Weighted GPD" --t2="Conventional" --seed=111' now: '--n_k=50 --k_min=-0.5 --k_max=0.5 --S=5000 --n=4000 --dep=markov --phi=0.95 --alpha=0.35 --dep_model=log --sigma=1.0 --p_thresh=0.95 --threshold=empirical --n_grid=50 --min_grid_pts=100 --wip=FALSE --t1="Weighted GPD" --t2="Conventional" --seed=111222' 
    wildcards: index=3
    resources: tmpdir=/tmp

[Wed Aug 26 00:20:22 2026]
localrule run_grid_point:
    output: results/pitman_closeness/raw/pc_36.rds
    log: logs/pitman_closeness/run_pitman_36.log
    jobid: 38
    reason: Missing output files: results/pitman_closeness/raw/pc_36.rds
    wildcards: index=36
    resources: tmpdir=/tmp

Select jobs to execute...
[Wed Aug 26 00:28:55 2026]
Finished jobid: 35 (Rule: run_grid_point)
1 of 43 steps (2%) done
Execute 1 jobs...
[Wed Aug 26 00:28:55 2026]
localrule run_grid_point:
    output: results/pitman_closeness/raw/pc_47.rds
    log: logs/pitman_closeness/run_pitman_47.log
    jobid: 49
    reason: Missing output files: results/pitman_closeness/raw/pc_47.rds
    wildcards: index=47
    resources: tmpdir=/tmp

[Wed Aug 26 00:28:55 2026]
Finished jobid: 48 (Rule: run_grid_point)
2 of 43 steps (5%) done
Select jobs to execute...
Execute 1 jobs...
[Wed Aug 26 00:28:55 2026]
localrule run_grid_point:
    output: results/pitman_closeness/raw/pc_2.rds
    log: logs/pitman_closeness/run_pitman_2.log
    jobid: 4
    reason: Params have changed since last execution: Union of exclusive params before and now across all output: before: '--n_k=20 --k_min=-0.5 --k_max=0.5 --S=1000 --n=4000 --dep=markov --phi=0.95 --alpha=0.4 --dep_model=log --sigma=1.0 --p_thresh=0.95 --threshold=empirical --n_grid=50 --min_grid_pts=100 --wip=FALSE --t1="Weighted GPD" --t2="Conventional" --seed=111' now: '--n_k=50 --k_min=-0.5 --k_max=0.5 --S=5000 --n=4000 --dep=markov --phi=0.95 --alpha=0.35 --dep_model=log --sigma=1.0 --p_thresh=0.95 --threshold=empirical --n_grid=50 --min_grid_pts=100 --wip=FALSE --t1="Weighted GPD" --t2="Conventional" --seed=111222' 
    wildcards: index=2
    resources: tmpdir=/tmp

[Wed Aug 26 00:28:56 2026]
Finished jobid: 8 (Rule: run_grid_point)
3 of 43 steps (7%) done
Select jobs to execute...
Execute 1 jobs...
[Wed Aug 26 00:28:56 2026]
localrule run_grid_point:
    output: results/pitman_closeness/raw/pc_30.rds
    log: logs/pitman_closeness/run_pitman_30.log
    jobid: 32
    reason: Missing output files: results/pitman_closeness/raw/pc_30.rds
    wildcards: index=30
    resources: tmpdir=/tmp

Select jobs to execute...
[Wed Aug 26 00:28:56 2026]
Finished jobid: 38 (Rule: run_grid_point)
4 of 43 steps (9%) done
Execute 1 jobs...
[Wed Aug 26 00:28:56 2026]
localrule run_grid_point:
    output: results/pitman_closeness/raw/pc_45.rds
    log: logs/pitman_closeness/run_pitman_45.log
    jobid: 47
    reason: Missing output files: results/pitman_closeness/raw/pc_45.rds
    wildcards: index=45
    resources: tmpdir=/tmp

Select jobs to execute...
[Wed Aug 26 00:28:58 2026]
Finished jobid: 7 (Rule: run_grid_point)
5 of 43 steps (12%) done
Execute 1 jobs...
[Wed Aug 26 00:28:58 2026]
localrule run_grid_point:
    output: results/pitman_closeness/raw/pc_44.rds
    log: logs/pitman_closeness/run_pitman_44.log
    jobid: 46
    reason: Missing output files: results/pitman_closeness/raw/pc_44.rds
    wildcards: index=44
    resources: tmpdir=/tmp

Select jobs to execute...
[Wed Aug 26 00:29:00 2026]
Finished jobid: 33 (Rule: run_grid_point)
6 of 43 steps (14%) done
Execute 1 jobs...
[Wed Aug 26 00:29:00 2026]
localrule run_grid_point:
    output: results/pitman_closeness/raw/pc_29.rds
    log: logs/pitman_closeness/run_pitman_29.log
    jobid: 31
    reason: Missing output files: results/pitman_closeness/raw/pc_29.rds
    wildcards: index=29
    resources: tmpdir=/tmp

Select jobs to execute...
[Wed Aug 26 00:29:03 2026]
Finished jobid: 5 (Rule: run_grid_point)
7 of 43 steps (16%) done
Execute 1 jobs...
[Wed Aug 26 00:29:03 2026]
localrule run_grid_point:
    output: results/pitman_closeness/raw/pc_43.rds
    log: logs/pitman_closeness/run_pitman_43.log
    jobid: 45
    reason: Missing output files: results/pitman_closeness/raw/pc_43.rds
    wildcards: index=43
    resources: tmpdir=/tmp

Select jobs to execute...
[Wed Aug 26 00:29:06 2026]
Finished jobid: 51 (Rule: run_grid_point)
8 of 43 steps (19%) done
Execute 1 jobs...
[Wed Aug 26 00:29:06 2026]
localrule run_grid_point:
    output: results/pitman_closeness/raw/pc_9.rds
    log: logs/pitman_closeness/run_pitman_9.log
    jobid: 11
    reason: Params have changed since last execution: Union of exclusive params before and now across all output: before: '--n_k=20 --k_min=-0.5 --k_max=0.5 --S=1000 --n=4000 --dep=markov --phi=0.95 --alpha=0.4 --dep_model=log --sigma=1.0 --p_thresh=0.95 --threshold=empirical --n_grid=50 --min_grid_pts=100 --wip=FALSE --t1="Weighted GPD" --t2="Conventional" --seed=111' now: '--n_k=50 --k_min=-0.5 --k_max=0.5 --S=5000 --n=4000 --dep=markov --phi=0.95 --alpha=0.35 --dep_model=log --sigma=1.0 --p_thresh=0.95 --threshold=empirical --n_grid=50 --min_grid_pts=100 --wip=FALSE --t1="Weighted GPD" --t2="Conventional" --seed=111222' 
    wildcards: index=9
    resources: tmpdir=/tmp

Select jobs to execute...
[Wed Aug 26 00:29:08 2026]
Finished jobid: 39 (Rule: run_grid_point)
9 of 43 steps (21%) done
Execute 1 jobs...
[Wed Aug 26 00:29:08 2026]
localrule run_grid_point:
    output: results/pitman_closeness/raw/pc_28.rds
    log: logs/pitman_closeness/run_pitman_28.log
    jobid: 30
    reason: Missing output files: results/pitman_closeness/raw/pc_28.rds
    wildcards: index=28
    resources: tmpdir=/tmp

Select jobs to execute...
[Wed Aug 26 00:29:08 2026]
Finished jobid: 37 (Rule: run_grid_point)
10 of 43 steps (23%) done
Execute 1 jobs...
[Wed Aug 26 00:29:08 2026]
localrule run_grid_point:
    output: results/pitman_closeness/raw/pc_41.rds
    log: logs/pitman_closeness/run_pitman_41.log
    jobid: 43
    reason: Missing output files: results/pitman_closeness/raw/pc_41.rds
    wildcards: index=41
    resources: tmpdir=/tmp

Select jobs to execute...
[Wed Aug 26 00:29:09 2026]
Finished jobid: 52 (Rule: run_grid_point)
11 of 43 steps (26%) done
Execute 1 jobs...
[Wed Aug 26 00:29:09 2026]
localrule run_grid_point:
    output: results/pitman_closeness/raw/pc_7.rds
    log: logs/pitman_closeness/run_pitman_7.log
    jobid: 9
    reason: Params have changed since last execution: Union of exclusive params before and now across all output: before: '--n_k=20 --k_min=-0.5 --k_max=0.5 --S=1000 --n=4000 --dep=markov --phi=0.95 --alpha=0.4 --dep_model=log --sigma=1.0 --p_thresh=0.95 --threshold=empirical --n_grid=50 --min_grid_pts=100 --wip=FALSE --t1="Weighted GPD" --t2="Conventional" --seed=111' now: '--n_k=50 --k_min=-0.5 --k_max=0.5 --S=5000 --n=4000 --dep=markov --phi=0.95 --alpha=0.35 --dep_model=log --sigma=1.0 --p_thresh=0.95 --threshold=empirical --n_grid=50 --min_grid_pts=100 --wip=FALSE --t1="Weighted GPD" --t2="Conventional" --seed=111222' 
    wildcards: index=7
    resources: tmpdir=/tmp

[Wed Aug 26 00:29:09 2026]
Finished jobid: 6 (Rule: run_grid_point)
12 of 43 steps (28%) done
Select jobs to execute...
Execute 1 jobs...
[Wed Aug 26 00:29:09 2026]
localrule run_grid_point:
    output: results/pitman_closeness/raw/pc_22.rds
    log: logs/pitman_closeness/run_pitman_22.log
    jobid: 24
    reason: Missing output files: results/pitman_closeness/raw/pc_22.rds
    wildcards: index=22
    resources: tmpdir=/tmp

Select jobs to execute...
[Wed Aug 26 00:29:10 2026]
Finished jobid: 3 (Rule: run_grid_point)
13 of 43 steps (30%) done
Execute 1 jobs...
[Wed Aug 26 00:29:10 2026]
localrule run_grid_point:
    output: results/pitman_closeness/raw/pc_10.rds
    log: logs/pitman_closeness/run_pitman_10.log
    jobid: 12
    reason: Params have changed since last execution: Union of exclusive params before and now across all output: before: '--n_k=20 --k_min=-0.5 --k_max=0.5 --S=1000 --n=4000 --dep=markov --phi=0.95 --alpha=0.4 --dep_model=log --sigma=1.0 --p_thresh=0.95 --threshold=empirical --n_grid=50 --min_grid_pts=100 --wip=FALSE --t1="Weighted GPD" --t2="Conventional" --seed=111' now: '--n_k=50 --k_min=-0.5 --k_max=0.5 --S=5000 --n=4000 --dep=markov --phi=0.95 --alpha=0.35 --dep_model=log --sigma=1.0 --p_thresh=0.95 --threshold=empirical --n_grid=50 --min_grid_pts=100 --wip=FALSE --t1="Weighted GPD" --t2="Conventional" --seed=111222' 
    wildcards: index=10
    resources: tmpdir=/tmp

Select jobs to execute...
[Wed Aug 26 00:29:10 2026]
Finished jobid: 50 (Rule: run_grid_point)
14 of 43 steps (33%) done
Execute 1 jobs...
[Wed Aug 26 00:29:10 2026]
localrule run_grid_point:
    output: results/pitman_closeness/raw/pc_25.rds
    log: logs/pitman_closeness/run_pitman_25.log
    jobid: 27
    reason: Missing output files: results/pitman_closeness/raw/pc_25.rds
    wildcards: index=25
    resources: tmpdir=/tmp

Select jobs to execute...
[Wed Aug 26 00:29:15 2026]
Finished jobid: 23 (Rule: run_grid_point)
15 of 43 steps (35%) done
Execute 1 jobs...
[Wed Aug 26 00:29:15 2026]
localrule run_grid_point:
    output: results/pitman_closeness/raw/pc_40.rds
    log: logs/pitman_closeness/run_pitman_40.log
    jobid: 42
    reason: Missing output files: results/pitman_closeness/raw/pc_40.rds
    wildcards: index=40
    resources: tmpdir=/tmp

Select jobs to execute...
[Wed Aug 26 00:29:19 2026]
Finished jobid: 36 (Rule: run_grid_point)
16 of 43 steps (37%) done
Execute 1 jobs...
[Wed Aug 26 00:29:19 2026]
localrule run_grid_point:
    output: results/pitman_closeness/raw/pc_26.rds
    log: logs/pitman_closeness/run_pitman_26.log
    jobid: 28
    reason: Missing output files: results/pitman_closeness/raw/pc_26.rds
    wildcards: index=26
    resources: tmpdir=/tmp

Select jobs to execute...
[Wed Aug 26 00:36:25 2026]
Finished jobid: 47 (Rule: run_grid_point)
17 of 43 steps (40%) done
Execute 1 jobs...
[Wed Aug 26 00:36:25 2026]
localrule run_grid_point:
    output: results/pitman_closeness/raw/pc_38.rds
    log: logs/pitman_closeness/run_pitman_38.log
    jobid: 40
    reason: Missing output files: results/pitman_closeness/raw/pc_38.rds
    wildcards: index=38
    resources: tmpdir=/tmp

Select jobs to execute...
[Wed Aug 26 00:36:33 2026]
Finished jobid: 30 (Rule: run_grid_point)
18 of 43 steps (42%) done
Execute 1 jobs...
[Wed Aug 26 00:36:33 2026]
localrule run_grid_point:
    output: results/pitman_closeness/raw/pc_23.rds
    log: logs/pitman_closeness/run_pitman_23.log
    jobid: 25
    reason: Missing output files: results/pitman_closeness/raw/pc_23.rds
    wildcards: index=23
    resources: tmpdir=/tmp

Select jobs to execute...
[Wed Aug 26 00:36:36 2026]
Finished jobid: 32 (Rule: run_grid_point)
19 of 43 steps (44%) done
Execute 1 jobs...
[Wed Aug 26 00:36:36 2026]
localrule run_grid_point:
    output: results/pitman_closeness/raw/pc_8.rds
    log: logs/pitman_closeness/run_pitman_8.log
    jobid: 10
    reason: Params have changed since last execution: Union of exclusive params before and now across all output: before: '--n_k=20 --k_min=-0.5 --k_max=0.5 --S=1000 --n=4000 --dep=markov --phi=0.95 --alpha=0.4 --dep_model=log --sigma=1.0 --p_thresh=0.95 --threshold=empirical --n_grid=50 --min_grid_pts=100 --wip=FALSE --t1="Weighted GPD" --t2="Conventional" --seed=111' now: '--n_k=50 --k_min=-0.5 --k_max=0.5 --S=5000 --n=4000 --dep=markov --phi=0.95 --alpha=0.35 --dep_model=log --sigma=1.0 --p_thresh=0.95 --threshold=empirical --n_grid=50 --min_grid_pts=100 --wip=FALSE --t1="Weighted GPD" --t2="Conventional" --seed=111222' 
    wildcards: index=8
    resources: tmpdir=/tmp

Select jobs to execute...
[Wed Aug 26 00:36:37 2026]
Finished jobid: 4 (Rule: run_grid_point)
20 of 43 steps (47%) done
Execute 1 jobs...
[Wed Aug 26 00:36:37 2026]
localrule run_grid_point:
    output: results/pitman_closeness/raw/pc_42.rds
    log: logs/pitman_closeness/run_pitman_42.log
    jobid: 44
    reason: Missing output files: results/pitman_closeness/raw/pc_42.rds
    wildcards: index=42
    resources: tmpdir=/tmp

Select jobs to execute...
[Wed Aug 26 00:36:38 2026]
Finished jobid: 46 (Rule: run_grid_point)
21 of 43 steps (49%) done
Execute 1 jobs...
[Wed Aug 26 00:36:38 2026]
localrule run_grid_point:
    output: results/pitman_closeness/raw/pc_24.rds
    log: logs/pitman_closeness/run_pitman_24.log
    jobid: 26
    reason: Missing output files: results/pitman_closeness/raw/pc_24.rds
    wildcards: index=24
    resources: tmpdir=/tmp

Select jobs to execute...
[Wed Aug 26 00:36:43 2026]
Finished jobid: 49 (Rule: run_grid_point)
22 of 43 steps (51%) done
Execute 1 jobs...
[Wed Aug 26 00:36:43 2026]
localrule run_grid_point:
    output: results/pitman_closeness/raw/pc_27.rds
    log: logs/pitman_closeness/run_pitman_27.log
    jobid: 29
    reason: Missing output files: results/pitman_closeness/raw/pc_27.rds
    wildcards: index=27
    resources: tmpdir=/tmp

Select jobs to execute...
[Wed Aug 26 00:36:47 2026]
Finished jobid: 27 (Rule: run_grid_point)
23 of 43 steps (53%) done
Execute 1 jobs...
[Wed Aug 26 00:36:47 2026]
localrule run_grid_point:
    output: results/pitman_closeness/raw/pc_39.rds
    log: logs/pitman_closeness/run_pitman_39.log
    jobid: 41
    reason: Missing output files: results/pitman_closeness/raw/pc_39.rds
    wildcards: index=39
    resources: tmpdir=/tmp

Select jobs to execute...
[Wed Aug 26 00:36:51 2026]
Finished jobid: 9 (Rule: run_grid_point)
24 of 43 steps (56%) done
Execute 1 jobs...
[Wed Aug 26 00:36:51 2026]
localrule run_grid_point:
    output: results/pitman_closeness/raw/pc_32.rds
    log: logs/pitman_closeness/run_pitman_32.log
    jobid: 34
    reason: Missing output files: results/pitman_closeness/raw/pc_32.rds
    wildcards: index=32
    resources: tmpdir=/tmp

[Wed Aug 26 00:36:52 2026]
Finished jobid: 45 (Rule: run_grid_point)
25 of 43 steps (58%) done
[Wed Aug 26 00:36:52 2026]
Finished jobid: 11 (Rule: run_grid_point)
26 of 43 steps (60%) done
[Wed Aug 26 00:36:57 2026]
Finished jobid: 12 (Rule: run_grid_point)
27 of 43 steps (63%) done
[Wed Aug 26 00:36:58 2026]
Finished jobid: 43 (Rule: run_grid_point)
28 of 43 steps (65%) done
[Wed Aug 26 00:37:00 2026]
Finished jobid: 28 (Rule: run_grid_point)
29 of 43 steps (67%) done
[Wed Aug 26 00:37:01 2026]
Finished jobid: 24 (Rule: run_grid_point)
30 of 43 steps (70%) done
[Wed Aug 26 00:37:01 2026]
Finished jobid: 31 (Rule: run_grid_point)
31 of 43 steps (72%) done
[Wed Aug 26 00:37:07 2026]
Finished jobid: 42 (Rule: run_grid_point)
32 of 43 steps (74%) done
[Wed Aug 26 00:41:00 2026]
Finished jobid: 44 (Rule: run_grid_point)
33 of 43 steps (77%) done
[Wed Aug 26 00:41:02 2026]
Finished jobid: 34 (Rule: run_grid_point)
34 of 43 steps (79%) done
[Wed Aug 26 00:41:11 2026]
Finished jobid: 10 (Rule: run_grid_point)
35 of 43 steps (81%) done
[Wed Aug 26 00:41:21 2026]
Finished jobid: 25 (Rule: run_grid_point)
36 of 43 steps (84%) done
[Wed Aug 26 00:41:31 2026]
Finished jobid: 40 (Rule: run_grid_point)
37 of 43 steps (86%) done
[Wed Aug 26 00:41:33 2026]
Finished jobid: 29 (Rule: run_grid_point)
38 of 43 steps (88%) done
[Wed Aug 26 00:42:17 2026]
Finished jobid: 26 (Rule: run_grid_point)
39 of 43 steps (91%) done
[Wed Aug 26 00:42:21 2026]
Finished jobid: 41 (Rule: run_grid_point)
40 of 43 steps (93%) done
Select jobs to execute...
Execute 1 jobs...
[Wed Aug 26 00:42:21 2026]
localrule combine:
    input: results/pitman_closeness/raw/pc_1.rds, results/pitman_closeness/raw/pc_2.rds, results/pitman_closeness/raw/pc_3.rds, results/pitman_closeness/raw/pc_4.rds, results/pitman_closeness/raw/pc_5.rds, results/pitman_closeness/raw/pc_6.rds, results/pitman_closeness/raw/pc_7.rds, results/pitman_closeness/raw/pc_8.rds, results/pitman_closeness/raw/pc_9.rds, results/pitman_closeness/raw/pc_10.rds, results/pitman_closeness/raw/pc_11.rds, results/pitman_closeness/raw/pc_12.rds, results/pitman_closeness/raw/pc_13.rds, results/pitman_closeness/raw/pc_14.rds, results/pitman_closeness/raw/pc_15.rds, results/pitman_closeness/raw/pc_16.rds, results/pitman_closeness/raw/pc_17.rds, results/pitman_closeness/raw/pc_18.rds, results/pitman_closeness/raw/pc_19.rds, results/pitman_closeness/raw/pc_20.rds, results/pitman_closeness/raw/pc_21.rds, results/pitman_closeness/raw/pc_22.rds, results/pitman_closeness/raw/pc_23.rds, results/pitman_closeness/raw/pc_24.rds, results/pitman_closeness/raw/pc_25.rds, results/pitman_closeness/raw/pc_26.rds, results/pitman_closeness/raw/pc_27.rds, results/pitman_closeness/raw/pc_28.rds, results/pitman_closeness/raw/pc_29.rds, results/pitman_closeness/raw/pc_30.rds, results/pitman_closeness/raw/pc_31.rds, results/pitman_closeness/raw/pc_32.rds, results/pitman_closeness/raw/pc_33.rds, results/pitman_closeness/raw/pc_34.rds, results/pitman_closeness/raw/pc_35.rds, results/pitman_closeness/raw/pc_36.rds, results/pitman_closeness/raw/pc_37.rds, results/pitman_closeness/raw/pc_38.rds, results/pitman_closeness/raw/pc_39.rds, results/pitman_closeness/raw/pc_40.rds, results/pitman_closeness/raw/pc_41.rds, results/pitman_closeness/raw/pc_42.rds, results/pitman_closeness/raw/pc_43.rds, results/pitman_closeness/raw/pc_44.rds, results/pitman_closeness/raw/pc_45.rds, results/pitman_closeness/raw/pc_46.rds, results/pitman_closeness/raw/pc_47.rds, results/pitman_closeness/raw/pc_48.rds, results/pitman_closeness/raw/pc_49.rds, results/pitman_closeness/raw/pc_50.rds
    output: results/pitman_closeness/pitman_results.rds, results/pitman_closeness/pitman_results.csv
    log: logs/pitman_closeness/combine.log
    jobid: 2
    reason: Input files updated by another job: results/pitman_closeness/raw/pc_42.rds, results/pitman_closeness/raw/pc_34.rds, results/pitman_closeness/raw/pc_6.rds, results/pitman_closeness/raw/pc_50.rds, results/pitman_closeness/raw/pc_9.rds, results/pitman_closeness/raw/pc_30.rds, results/pitman_closeness/raw/pc_10.rds, results/pitman_closeness/raw/pc_45.rds, results/pitman_closeness/raw/pc_25.rds, results/pitman_closeness/raw/pc_40.rds, results/pitman_closeness/raw/pc_44.rds, results/pitman_closeness/raw/pc_32.rds, results/pitman_closeness/raw/pc_48.rds, results/pitman_closeness/raw/pc_5.rds, results/pitman_closeness/raw/pc_41.rds, results/pitman_closeness/raw/pc_23.rds, results/pitman_closeness/raw/pc_29.rds, results/pitman_closeness/raw/pc_31.rds, results/pitman_closeness/raw/pc_27.rds, results/pitman_closeness/raw/pc_3.rds, results/pitman_closeness/raw/pc_36.rds, results/pitman_closeness/raw/pc_4.rds, results/pitman_closeness/raw/pc_43.rds, results/pitman_closeness/raw/pc_1.rds, results/pitman_closeness/raw/pc_26.rds, results/pitman_closeness/raw/pc_35.rds, results/pitman_closeness/raw/pc_33.rds, results/pitman_closeness/raw/pc_24.rds, results/pitman_closeness/raw/pc_49.rds, results/pitman_closeness/raw/pc_2.rds, results/pitman_closeness/raw/pc_7.rds, results/pitman_closeness/raw/pc_39.rds, results/pitman_closeness/raw/pc_46.rds, results/pitman_closeness/raw/pc_38.rds, results/pitman_closeness/raw/pc_8.rds, results/pitman_closeness/raw/pc_37.rds, results/pitman_closeness/raw/pc_28.rds, results/pitman_closeness/raw/pc_22.rds, results/pitman_closeness/raw/pc_21.rds, results/pitman_closeness/raw/pc_47.rds
    resources: tmpdir=/tmp

[Wed Aug 26 00:42:22 2026]
Finished jobid: 2 (Rule: combine)
41 of 43 steps (95%) done
Select jobs to execute...
Execute 1 jobs...
[Wed Aug 26 00:42:22 2026]
localrule figures:
    input: results/pitman_closeness/pitman_results.rds
    output: results/pitman_closeness/figures/closeness_k.pdf, results/pitman_closeness/figures/releff_k.pdf, results/pitman_closeness/figures/rmse_k.pdf, results/pitman_closeness/figures/closeness_sigma.pdf, results/pitman_closeness/figures/releff_sigma.pdf, results/pitman_closeness/figures/rmse_sigma.pdf, results/pitman_closeness/figures/closeness_both.pdf, results/pitman_closeness/figures/releff_both.pdf, results/pitman_closeness/figures/rmse_both.pdf
    log: logs/pitman_closeness/plot.log
    jobid: 1
    reason: Input files updated by another job: results/pitman_closeness/pitman_results.rds
    resources: tmpdir=/tmp

[Wed Aug 26 00:42:23 2026]
Finished jobid: 1 (Rule: figures)
42 of 43 steps (98%) done
Select jobs to execute...
Execute 1 jobs...
[Wed Aug 26 00:42:23 2026]
localrule all:
    input: results/pitman_closeness/figures/closeness_k.pdf, results/pitman_closeness/figures/releff_k.pdf, results/pitman_closeness/figures/rmse_k.pdf, results/pitman_closeness/figures/closeness_sigma.pdf, results/pitman_closeness/figures/releff_sigma.pdf, results/pitman_closeness/figures/rmse_sigma.pdf, results/pitman_closeness/figures/closeness_both.pdf, results/pitman_closeness/figures/releff_both.pdf, results/pitman_closeness/figures/rmse_both.pdf, results/pitman_closeness/pitman_results.csv
    jobid: 0
    reason: Input files updated by another job: results/pitman_closeness/figures/releff_k.pdf, results/pitman_closeness/figures/rmse_k.pdf, results/pitman_closeness/pitman_results.csv, results/pitman_closeness/figures/releff_both.pdf, results/pitman_closeness/figures/rmse_both.pdf, results/pitman_closeness/figures/releff_sigma.pdf, results/pitman_closeness/figures/closeness_both.pdf, results/pitman_closeness/figures/closeness_sigma.pdf, results/pitman_closeness/figures/closeness_k.pdf, results/pitman_closeness/figures/rmse_sigma.pdf
    resources: tmpdir=/tmp

[Wed Aug 26 00:42:23 2026]
Finished jobid: 0 (Rule: all)
43 of 43 steps (100%) done
Complete log(s): /u/84/tessoh1/data/Desktop/Git Repositories/dependent-extremes/.snakemake/log/2026-08-26T002022.084293.snakemake.log
