Assuming unrestricted shared filesystem usage.
None
host: l24-0691
Building DAG of jobs...
Using shell: /usr/bin/bash
Provided cores: 16
Rules claiming more threads will be scaled down.
Job stats:
job        count
-------  -------
all            1
figures        1
total          2

Select jobs to execute...
Execute 1 jobs...
[Tue Aug 25 23:12:46 2026]
localrule figures:
    input: results/pitman_results.rds
    output: results/figures/closeness_k.pdf, results/figures/releff_k.pdf, results/figures/rmse_k.pdf, results/figures/closeness_sigma.pdf, results/figures/releff_sigma.pdf, results/figures/rmse_sigma.pdf, results/figures/closeness_both.pdf, results/figures/releff_both.pdf, results/figures/rmse_both.pdf
    log: logs/plot.log
    jobid: 1
    reason: Missing output files: results/figures/closeness_both.pdf, results/figures/closeness_sigma.pdf, results/figures/closeness_k.pdf, results/figures/releff_sigma.pdf, results/figures/rmse_sigma.pdf, results/figures/rmse_k.pdf, results/figures/rmse_both.pdf, results/figures/releff_both.pdf, results/figures/releff_k.pdf
    resources: tmpdir=/tmp

[Tue Aug 25 23:12:47 2026]
Finished jobid: 1 (Rule: figures)
1 of 2 steps (50%) done
Select jobs to execute...
Execute 1 jobs...
[Tue Aug 25 23:12:47 2026]
localrule all:
    input: results/figures/closeness_k.pdf, results/figures/releff_k.pdf, results/figures/rmse_k.pdf, results/figures/closeness_sigma.pdf, results/figures/releff_sigma.pdf, results/figures/rmse_sigma.pdf, results/figures/closeness_both.pdf, results/figures/releff_both.pdf, results/figures/rmse_both.pdf, results/pitman_results.csv
    jobid: 0
    reason: Input files updated by another job: results/figures/closeness_both.pdf, results/figures/closeness_sigma.pdf, results/figures/closeness_k.pdf, results/figures/releff_sigma.pdf, results/figures/rmse_sigma.pdf, results/figures/rmse_k.pdf, results/figures/rmse_both.pdf, results/figures/releff_both.pdf, results/figures/releff_k.pdf
    resources: tmpdir=/tmp

[Tue Aug 25 23:12:47 2026]
Finished jobid: 0 (Rule: all)
2 of 2 steps (100%) done
Complete log(s): /u/84/tessoh1/data/Desktop/Git Repositories/dependent-extremes/.snakemake/log/2026-08-25T231246.304672.snakemake.log
