Assuming unrestricted shared filesystem usage.
None
host: l24-0691
Building DAG of jobs...
Using shell: /usr/bin/bash
Provided cores: 16
Rules claiming more threads will be scaled down.
Job stats:
job               count
--------------  -------
all                   1
combine               1
figures               1
run_grid_point       10
total                13

Select jobs to execute...
Execute 10 jobs...
[Wed Aug 26 00:13:00 2026]
localrule run_grid_point:
    output: results/pitman_closeness/raw/pc_2.rds
    log: logs/pitman_closeness/run_pitman_2.log
    jobid: 4
    reason: Params have changed since last execution: Union of exclusive params before and now across all output: before: '--n_k=10 --k_min=-0.5 --k_max=0.5 --S=1000 --n=2000 --dep=markov --phi=0.95 --alpha=0.35 --dep_model=log --sigma=1.0 --p_thresh=0.95 --threshold=empirical --n_grid=50 --min_grid_pts=100 --wip=FALSE --t1="Weighted GPD" --t2="Conventional" --seed=111' now: '--n_k=20 --k_min=-0.5 --k_max=0.5 --S=1000 --n=4000 --dep=markov --phi=0.95 --alpha=0.4 --dep_model=log --sigma=1.0 --p_thresh=0.95 --threshold=empirical --n_grid=50 --min_grid_pts=100 --wip=FALSE --t1="Weighted GPD" --t2="Conventional" --seed=111' 
    wildcards: index=2
    resources: tmpdir=/tmp

[Wed Aug 26 00:13:00 2026]
localrule run_grid_point:
    output: results/pitman_closeness/raw/pc_7.rds
    log: logs/pitman_closeness/run_pitman_7.log
    jobid: 9
    reason: Params have changed since last execution: Union of exclusive params before and now across all output: before: '--n_k=10 --k_min=-0.5 --k_max=0.5 --S=1000 --n=2000 --dep=markov --phi=0.95 --alpha=0.35 --dep_model=log --sigma=1.0 --p_thresh=0.95 --threshold=empirical --n_grid=50 --min_grid_pts=100 --wip=FALSE --t1="Weighted GPD" --t2="Conventional" --seed=111' now: '--n_k=20 --k_min=-0.5 --k_max=0.5 --S=1000 --n=4000 --dep=markov --phi=0.95 --alpha=0.4 --dep_model=log --sigma=1.0 --p_thresh=0.95 --threshold=empirical --n_grid=50 --min_grid_pts=100 --wip=FALSE --t1="Weighted GPD" --t2="Conventional" --seed=111' 
    wildcards: index=7
    resources: tmpdir=/tmp

[Wed Aug 26 00:13:00 2026]
localrule run_grid_point:
    output: results/pitman_closeness/raw/pc_9.rds
    log: logs/pitman_closeness/run_pitman_9.log
    jobid: 11
    reason: Params have changed since last execution: Union of exclusive params before and now across all output: before: '--n_k=10 --k_min=-0.5 --k_max=0.5 --S=1000 --n=2000 --dep=markov --phi=0.95 --alpha=0.35 --dep_model=log --sigma=1.0 --p_thresh=0.95 --threshold=empirical --n_grid=50 --min_grid_pts=100 --wip=FALSE --t1="Weighted GPD" --t2="Conventional" --seed=111' now: '--n_k=20 --k_min=-0.5 --k_max=0.5 --S=1000 --n=4000 --dep=markov --phi=0.95 --alpha=0.4 --dep_model=log --sigma=1.0 --p_thresh=0.95 --threshold=empirical --n_grid=50 --min_grid_pts=100 --wip=FALSE --t1="Weighted GPD" --t2="Conventional" --seed=111' 
    wildcards: index=9
    resources: tmpdir=/tmp

[Wed Aug 26 00:13:00 2026]
localrule run_grid_point:
    output: results/pitman_closeness/raw/pc_5.rds
    log: logs/pitman_closeness/run_pitman_5.log
    jobid: 7
    reason: Params have changed since last execution: Union of exclusive params before and now across all output: before: '--n_k=10 --k_min=-0.5 --k_max=0.5 --S=1000 --n=2000 --dep=markov --phi=0.95 --alpha=0.35 --dep_model=log --sigma=1.0 --p_thresh=0.95 --threshold=empirical --n_grid=50 --min_grid_pts=100 --wip=FALSE --t1="Weighted GPD" --t2="Conventional" --seed=111' now: '--n_k=20 --k_min=-0.5 --k_max=0.5 --S=1000 --n=4000 --dep=markov --phi=0.95 --alpha=0.4 --dep_model=log --sigma=1.0 --p_thresh=0.95 --threshold=empirical --n_grid=50 --min_grid_pts=100 --wip=FALSE --t1="Weighted GPD" --t2="Conventional" --seed=111' 
    wildcards: index=5
    resources: tmpdir=/tmp

[Wed Aug 26 00:13:00 2026]
localrule run_grid_point:
    output: results/pitman_closeness/raw/pc_10.rds
    log: logs/pitman_closeness/run_pitman_10.log
    jobid: 12
    reason: Params have changed since last execution: Union of exclusive params before and now across all output: before: '--n_k=10 --k_min=-0.5 --k_max=0.5 --S=1000 --n=2000 --dep=markov --phi=0.95 --alpha=0.35 --dep_model=log --sigma=1.0 --p_thresh=0.95 --threshold=empirical --n_grid=50 --min_grid_pts=100 --wip=FALSE --t1="Weighted GPD" --t2="Conventional" --seed=111' now: '--n_k=20 --k_min=-0.5 --k_max=0.5 --S=1000 --n=4000 --dep=markov --phi=0.95 --alpha=0.4 --dep_model=log --sigma=1.0 --p_thresh=0.95 --threshold=empirical --n_grid=50 --min_grid_pts=100 --wip=FALSE --t1="Weighted GPD" --t2="Conventional" --seed=111' 
    wildcards: index=10
    resources: tmpdir=/tmp

[Wed Aug 26 00:13:00 2026]
localrule run_grid_point:
    output: results/pitman_closeness/raw/pc_1.rds
    log: logs/pitman_closeness/run_pitman_1.log
    jobid: 3
    reason: Params have changed since last execution: Union of exclusive params before and now across all output: before: '--n_k=10 --k_min=-0.5 --k_max=0.5 --S=1000 --n=2000 --dep=markov --phi=0.95 --alpha=0.35 --dep_model=log --sigma=1.0 --p_thresh=0.95 --threshold=empirical --n_grid=50 --min_grid_pts=100 --wip=FALSE --t1="Weighted GPD" --t2="Conventional" --seed=111' now: '--n_k=20 --k_min=-0.5 --k_max=0.5 --S=1000 --n=4000 --dep=markov --phi=0.95 --alpha=0.4 --dep_model=log --sigma=1.0 --p_thresh=0.95 --threshold=empirical --n_grid=50 --min_grid_pts=100 --wip=FALSE --t1="Weighted GPD" --t2="Conventional" --seed=111' 
    wildcards: index=1
    resources: tmpdir=/tmp

[Wed Aug 26 00:13:00 2026]
localrule run_grid_point:
    output: results/pitman_closeness/raw/pc_8.rds
    log: logs/pitman_closeness/run_pitman_8.log
    jobid: 10
    reason: Params have changed since last execution: Union of exclusive params before and now across all output: before: '--n_k=10 --k_min=-0.5 --k_max=0.5 --S=1000 --n=2000 --dep=markov --phi=0.95 --alpha=0.35 --dep_model=log --sigma=1.0 --p_thresh=0.95 --threshold=empirical --n_grid=50 --min_grid_pts=100 --wip=FALSE --t1="Weighted GPD" --t2="Conventional" --seed=111' now: '--n_k=20 --k_min=-0.5 --k_max=0.5 --S=1000 --n=4000 --dep=markov --phi=0.95 --alpha=0.4 --dep_model=log --sigma=1.0 --p_thresh=0.95 --threshold=empirical --n_grid=50 --min_grid_pts=100 --wip=FALSE --t1="Weighted GPD" --t2="Conventional" --seed=111' 
    wildcards: index=8
    resources: tmpdir=/tmp

[Wed Aug 26 00:13:00 2026]
localrule run_grid_point:
    output: results/pitman_closeness/raw/pc_4.rds
    log: logs/pitman_closeness/run_pitman_4.log
    jobid: 6
    reason: Params have changed since last execution: Union of exclusive params before and now across all output: before: '--n_k=10 --k_min=-0.5 --k_max=0.5 --S=1000 --n=2000 --dep=markov --phi=0.95 --alpha=0.35 --dep_model=log --sigma=1.0 --p_thresh=0.95 --threshold=empirical --n_grid=50 --min_grid_pts=100 --wip=FALSE --t1="Weighted GPD" --t2="Conventional" --seed=111' now: '--n_k=20 --k_min=-0.5 --k_max=0.5 --S=1000 --n=4000 --dep=markov --phi=0.95 --alpha=0.4 --dep_model=log --sigma=1.0 --p_thresh=0.95 --threshold=empirical --n_grid=50 --min_grid_pts=100 --wip=FALSE --t1="Weighted GPD" --t2="Conventional" --seed=111' 
    wildcards: index=4
    resources: tmpdir=/tmp

[Wed Aug 26 00:13:00 2026]
localrule run_grid_point:
    output: results/pitman_closeness/raw/pc_3.rds
    log: logs/pitman_closeness/run_pitman_3.log
    jobid: 5
    reason: Params have changed since last execution: Union of exclusive params before and now across all output: before: '--n_k=10 --k_min=-0.5 --k_max=0.5 --S=1000 --n=2000 --dep=markov --phi=0.95 --alpha=0.35 --dep_model=log --sigma=1.0 --p_thresh=0.95 --threshold=empirical --n_grid=50 --min_grid_pts=100 --wip=FALSE --t1="Weighted GPD" --t2="Conventional" --seed=111' now: '--n_k=20 --k_min=-0.5 --k_max=0.5 --S=1000 --n=4000 --dep=markov --phi=0.95 --alpha=0.4 --dep_model=log --sigma=1.0 --p_thresh=0.95 --threshold=empirical --n_grid=50 --min_grid_pts=100 --wip=FALSE --t1="Weighted GPD" --t2="Conventional" --seed=111' 
    wildcards: index=3
    resources: tmpdir=/tmp

[Wed Aug 26 00:13:00 2026]
localrule run_grid_point:
    output: results/pitman_closeness/raw/pc_6.rds
    log: logs/pitman_closeness/run_pitman_6.log
    jobid: 8
    reason: Params have changed since last execution: Union of exclusive params before and now across all output: before: '--n_k=10 --k_min=-0.5 --k_max=0.5 --S=1000 --n=2000 --dep=markov --phi=0.95 --alpha=0.35 --dep_model=log --sigma=1.0 --p_thresh=0.95 --threshold=empirical --n_grid=50 --min_grid_pts=100 --wip=FALSE --t1="Weighted GPD" --t2="Conventional" --seed=111' now: '--n_k=20 --k_min=-0.5 --k_max=0.5 --S=1000 --n=4000 --dep=markov --phi=0.95 --alpha=0.4 --dep_model=log --sigma=1.0 --p_thresh=0.95 --threshold=empirical --n_grid=50 --min_grid_pts=100 --wip=FALSE --t1="Weighted GPD" --t2="Conventional" --seed=111' 
    wildcards: index=6
    resources: tmpdir=/tmp

[Wed Aug 26 00:13:50 2026]
Finished jobid: 10 (Rule: run_grid_point)
1 of 13 steps (8%) done
[Wed Aug 26 00:13:53 2026]
Finished jobid: 5 (Rule: run_grid_point)
2 of 13 steps (15%) done
[Wed Aug 26 00:13:54 2026]
Finished jobid: 3 (Rule: run_grid_point)
3 of 13 steps (23%) done
[Wed Aug 26 00:13:58 2026]
Finished jobid: 7 (Rule: run_grid_point)
4 of 13 steps (31%) done
[Wed Aug 26 00:13:59 2026]
Finished jobid: 4 (Rule: run_grid_point)
5 of 13 steps (38%) done
[Wed Aug 26 00:14:11 2026]
Finished jobid: 6 (Rule: run_grid_point)
6 of 13 steps (46%) done
[Wed Aug 26 00:14:13 2026]
Finished jobid: 11 (Rule: run_grid_point)
7 of 13 steps (54%) done
[Wed Aug 26 00:14:14 2026]
Finished jobid: 9 (Rule: run_grid_point)
8 of 13 steps (62%) done
[Wed Aug 26 00:14:15 2026]
Finished jobid: 8 (Rule: run_grid_point)
9 of 13 steps (69%) done
[Wed Aug 26 00:14:18 2026]
Finished jobid: 12 (Rule: run_grid_point)
10 of 13 steps (77%) done
Select jobs to execute...
Execute 1 jobs...
[Wed Aug 26 00:14:18 2026]
localrule combine:
    input: results/pitman_closeness/raw/pc_1.rds, results/pitman_closeness/raw/pc_2.rds, results/pitman_closeness/raw/pc_3.rds, results/pitman_closeness/raw/pc_4.rds, results/pitman_closeness/raw/pc_5.rds, results/pitman_closeness/raw/pc_6.rds, results/pitman_closeness/raw/pc_7.rds, results/pitman_closeness/raw/pc_8.rds, results/pitman_closeness/raw/pc_9.rds, results/pitman_closeness/raw/pc_10.rds, results/pitman_closeness/raw/pc_11.rds, results/pitman_closeness/raw/pc_12.rds, results/pitman_closeness/raw/pc_13.rds, results/pitman_closeness/raw/pc_14.rds, results/pitman_closeness/raw/pc_15.rds, results/pitman_closeness/raw/pc_16.rds, results/pitman_closeness/raw/pc_17.rds, results/pitman_closeness/raw/pc_18.rds, results/pitman_closeness/raw/pc_19.rds, results/pitman_closeness/raw/pc_20.rds
    output: results/pitman_closeness/pitman_results.rds, results/pitman_closeness/pitman_results.csv
    log: logs/pitman_closeness/combine.log
    jobid: 2
    reason: Input files updated by another job: results/pitman_closeness/raw/pc_1.rds, results/pitman_closeness/raw/pc_2.rds, results/pitman_closeness/raw/pc_9.rds, results/pitman_closeness/raw/pc_5.rds, results/pitman_closeness/raw/pc_4.rds, results/pitman_closeness/raw/pc_7.rds, results/pitman_closeness/raw/pc_6.rds, results/pitman_closeness/raw/pc_8.rds, results/pitman_closeness/raw/pc_3.rds, results/pitman_closeness/raw/pc_10.rds
    resources: tmpdir=/tmp

[Wed Aug 26 00:14:18 2026]
Finished jobid: 2 (Rule: combine)
11 of 13 steps (85%) done
Select jobs to execute...
Execute 1 jobs...
[Wed Aug 26 00:14:18 2026]
localrule figures:
    input: results/pitman_closeness/pitman_results.rds
    output: results/pitman_closeness/figures/closeness_k.pdf, results/pitman_closeness/figures/releff_k.pdf, results/pitman_closeness/figures/rmse_k.pdf, results/pitman_closeness/figures/closeness_sigma.pdf, results/pitman_closeness/figures/releff_sigma.pdf, results/pitman_closeness/figures/rmse_sigma.pdf, results/pitman_closeness/figures/closeness_both.pdf, results/pitman_closeness/figures/releff_both.pdf, results/pitman_closeness/figures/rmse_both.pdf
    log: logs/pitman_closeness/plot.log
    jobid: 1
    reason: Input files updated by another job: results/pitman_closeness/pitman_results.rds
    resources: tmpdir=/tmp

[Wed Aug 26 00:14:19 2026]
Finished jobid: 1 (Rule: figures)
12 of 13 steps (92%) done
Select jobs to execute...
Execute 1 jobs...
[Wed Aug 26 00:14:19 2026]
localrule all:
    input: results/pitman_closeness/figures/closeness_k.pdf, results/pitman_closeness/figures/releff_k.pdf, results/pitman_closeness/figures/rmse_k.pdf, results/pitman_closeness/figures/closeness_sigma.pdf, results/pitman_closeness/figures/releff_sigma.pdf, results/pitman_closeness/figures/rmse_sigma.pdf, results/pitman_closeness/figures/closeness_both.pdf, results/pitman_closeness/figures/releff_both.pdf, results/pitman_closeness/figures/rmse_both.pdf, results/pitman_closeness/pitman_results.csv
    jobid: 0
    reason: Input files updated by another job: results/pitman_closeness/figures/releff_k.pdf, results/pitman_closeness/pitman_results.csv, results/pitman_closeness/figures/closeness_k.pdf, results/pitman_closeness/figures/releff_sigma.pdf, results/pitman_closeness/figures/releff_both.pdf, results/pitman_closeness/figures/rmse_both.pdf, results/pitman_closeness/figures/rmse_k.pdf, results/pitman_closeness/figures/closeness_sigma.pdf, results/pitman_closeness/figures/rmse_sigma.pdf, results/pitman_closeness/figures/closeness_both.pdf
    resources: tmpdir=/tmp

[Wed Aug 26 00:14:19 2026]
Finished jobid: 0 (Rule: all)
13 of 13 steps (100%) done
Complete log(s): /u/84/tessoh1/data/Desktop/Git Repositories/dependent-extremes/.snakemake/log/2026-08-26T001300.230392.snakemake.log
